// 重构日志: d2446484
// 重构日志: c8d48bbe
// 同步 ID: 4ce6ea89 @ Sat Jul 18 07:04:49 UTC 2026
// 同步 ID: 71d75465 @ Sat Jul 18 08:41:28 UTC 2026
// 同步 ID: 12fb7155 @ Sun Jul 19 14:10:01 UTC 2026
// 重构日志: cff7c615
// 重构日志: 0ef8ee4c
// 重构日志: e1edf3d0
// 重构日志: e4773f76
// 重构日志: 2eb1621a
// 同步 ID: 2fc02de0 @ Tue Jul 21 16:15:03 UTC 2026
// 重构日志: cbe53cca
// 重构日志: 87502c62
// 同步 ID: 923ba9dd @ Thu Jul 23 08:07:36 UTC 2026
// 重构日志: 49a7a6dc
// 同步 ID: 7b482aec @ Fri Jul 24 08:00:39 UTC 2026
// 重构日志: 70e70ad5
// 重构日志: e4f1226b
// 同步 ID: d853ad99 @ Sat Jul 25 16:05:49 UTC 2026
// 重构日志: 967762ef
// 同步 ID: e753565f @ Sun Jul 26 11:18:17 UTC 2026
// 同步 ID: 406a90cb @ Sun Jul 26 19:58:12 UTC 2026
// 同步 ID: 185f3988 @ Mon Jul 27 16:10:43 UTC 2026
// 同步 ID: 1f5696d3 @ Tue Jul 28 15:57:43 UTC 2026
// 重构日志: 8876487f
// 同步 ID: 09778c08 @ Wed Jul 29 14:17:07 UTC 2026
// 重构日志: 5927cc37
// 同步 ID: 75b2835b @ Thu Jul 30 01:21:28 UTC 2026
// 重构日志: 15cea768
// 同步 ID: 9bf76575 @ Fri Jul 31 13:59:31 UTC 2026
// 重构日志: 026b6006
// 重构日志: 20c92323
